Ai, Ai, Wog, Wog, Wog^Esa, Wog, Wog, Wog, Wog, Ai, Ai, Ai, Wog, Wog, Ai, Ai, Ai, Wog^Esa, Ai, Ai, Ai, Ai, Wog, Wog, Wog, Wog, Wog, Wog, Wog, Wog, Wog, Wog
Ai, Ai, Ai, Wog, Wog^Esa, Wog, Ai, Wog, Ai, Ai, Ai, Wog^Esa, Ai, Wog, Ai, Wog^Esa, Wog^Esa, Wog^Esa, Aa^Tvvs, Aa^Esa, Ai, Wog, Ai, Ai, Wog^Esa, Wog, Wog, Wog, Ai, Wog, Wog^Esa, Ai
Ai, Ai, Ai, Wog, Ai, Ai, Ai, Ai, Ai, Ai, Ai, Aa^Tvvs, Aa, Ai, Aa^Fpa, Ai, 2 Ai, Aa, Re, Aa, Cea, Ai, Aa^Fpa, Ai, Ai, Wog^Esa, Ai, Ai, Wog, Wog, Ai, Ai
Ai, Ai, Ai, Ai, Ai, Ai, Wog, Ai, Ai, Ai, Ai, Aa^Esa, Aa, Ai, Ai, Wog, Aa, Aa, Aa, Cea, 1 Kea, Wog^Esa, Wog, Aa^Fpa, Ai, Ai, Ai, Ai, Wog^Esa, Wog, Ai, Ai
Aa^Fpa, Ai, Aa^Tvvs, Ai, Ai^Bw/, Wog^Esa, Ai, Ai, Ai, Ai, Ai, Ai, Ai, Aa, Aa, Aa^Esa, Aa^Fpa, Rb, Aa^Tvvs, Cea, Cea, Aa^Tvvs, Aa, Ai, Ai, Ai, Ai, Ai, Ai, Ai, Ai, Ai
Aa^Fpa, Aa^Fpa, Rb, Ai^Bw/, Ai, Ai, Aa^Fpa, Aa, Aa^Tvvs, Wog^Esa, Ai, Ai, Ai, Aa^Esa, Aa, Aa^Fpa, Wwg, Aa, Aa^Esa, Wwg, Rb, Aa, Aa^Esa, Ai, Ai, Ai, Aa, Ai, Wog, Ai, Ai^Esa, Aa^Fpa
Aa^Fpa, Rb, Rb^Es, Aa^Fpa, Ai, Ai, Aa, Aa^Fpa, Aa^Esa, Ai, Ai, Ai, Ai^Esa, Ai, Aa, Wwg, Aa, Aa, Re, Aa^Fpa, Aa, Aa, Ai, Ai^Esa, Ai, Aa, Aa^Esa, Aa^Tvvs, Aa, Aa^Esa, Aa, Aa^Fpa
Aa^Fpa, Aa^TcsZ, Aa, Wog, Aa^Fpa, Aa^Fpa, Rb, Aa^Fpa, Rb^Es, Ai^Esa, Ai, Aa^Fpa, Aa, Ai, Aa, Aa, Aa^Fpa, Aa^Fpa, Aa, Gg, Rb, Aa, Aa^Fpa, Ai^Esa, Aa^Fpa, Aa, Aa^Fpa, Rb, Aa^TcnZ, Aa, Aa^Fpa, Aa^Fpa
Aa^Fpa, Aa^TcsZ, Gg, Gg, Gg, Gg^Efm, Aa^Fpa, Rb^Es, Aa^Fpa, Aa^Fpa, Aa^Esa, Aa, Aa^Fpa, Aa, Aa^TcsZ, Aa^Esa, Aa^Fpa, Aa^Fpa, Aa^Fpa, Wwg, Gg, Aa^Fpa, Aa, Aa, Aa, Aa, Aa^Fpa, Aa^TcnZ, Aa^Fpa, Aa, Aa^Tvvs, Aa^Fpa
Aa^TcsZ, Aa^TcsZ, Aa^Fpa, Aa^Fpa, Aa, Aa^Fpa, Aa^Fpa, Gg^Es, Gg, Aa^Fpa, Rb, Aa, Aa^Fpa, Aa^Fpa, Aa^TcsZ, Gg, Gg^Es, Cea, Aa^Tvvs, Gg, Gg^TcnZ, Gg^Es, Kea, Aa^Esa, Aa^Fpa, Gg, Aa, Aa^TcnZ, Aa^TcnZ, Aa^Fpa, Aa, Aa^Fpa
Ms, Wwg, Aa^Esa, Gg^Efm, Gg, Aa^TcsZ, Rb, Aa^TcsZ, Aa^TcsZ, Aa, Aa, Rb, Aa^Esa, Aa^TcsZ, Cea, Aa^Fpa, Aa^Fpa, Aa, Aa^Fpa, Aa^Esa, Gg^TcnZ, Cea, Wwg, Aa, Re, Gg^Fp, Re, Gg, Aa^TcnZ, Aa^Fpa, Gg, Aa^Fpa
Aa, Aa^Fpa, Aa, Aa^Fpa, Gg^Es, Wog, Gg^Tvv, Rb^Esa, Aa^TcsZ, Aa, Gg^Fp, Rb, Aa^Fpa, Kea, Aa^Tvvs, Aa^Fpa, Wwg^Es, Wwg, Aa^Fpa, Aa^Fpa, Rb, Gg^TcnZ, Aa^Fpa, Aa^Fpa, Gg^Fp, Re, Gg^Fp, Re, Gg^Fp, Gg^Fp, Re, Rd
Aa^Fpa, Aa, Aa, Gg, Aa, Aa^Fpa, Aa^Fpa, Aa^Fpa, Aa^Fpa, Rb, Gg, Gg^Es, Aa^Esa, Aa, Aa^Es, Aa^Fpa, Aa, Aa^Esa, Cea, Aa^Fpa, Gg^Efm, Gg^Tvv, Aa, Aa^Fpa, Aa, Gg^Es, Re, Rd, Rd, Re, Gg^TcnZ, Gg^TcnZ
Aa, Aa^Esa, Coa, Gg, Aa^TcsZ, Aa^Fpa, Rb, Rb, Aa^Esa, Gg^Efm, Aa, Gg, Gg, Aa, Aa^Fpa, Aa^TcsZ, Aa^TcsZ, Aa^Tvvs, Wwg, Aa, Aa^TcnZ, Aa^TcnZ, Wwg, Wwg, Aa^Fpa, Rd, Gg^Fp, Gg^Fp, Gg, Gg^Es, Gg^TcnZ, Gg^Fp
Ms, Aa^Fpa, 3 Koa, Coa, Aa^Fpa, Aa^TcsZ, Rb, Aa^Tvvs, Wwg, Aa^Esa, Aa^Fpa, Aa, Gg^TcnZ, Gg^Fp, Aa, Aa^Fpa, Aa^TcsZ, Aa^Fpa, Aa^Esa, Aa^Fpa, Aa^TcnZ, Aa^Fpa, Aa^Fpa, Gg^Es, Aa^Fpa, Rd, Gg^Es, Gg^Fp, Gg^Efm, Gg, Gg^Tvv, Gg^Fp
Aa^Fpa, Wwg, Coa, Coa, Aa^TcsZ, Aa^TcsZ, Gg, Wwg, Aa, Aa, Gg, Gg, Gg^TcnZ, Aa, Wog, Gg, Ai, Aa, Cea, Gg^Es, Aa^Fpa, Aa, Gg, Aa^Fpa, Gg^Es, Re, Aa^TcsZ, Aa^Fpa, Aa^Fpa, Wog, Aa^Esa, Aa^Fpa
Aa, Aa^Fpa, Aa^Fpa, Aa^Tvvs, Aa^Fpa, Gg^Fp, Gg^Efm, Gg^Fp, Gg^Es, Gg, Gg^Fp, Gg^TcnZ, Aa^Esa, Gg^Efm, Wog, Wog, Wog, Wog, Ai, Aa, Aa^Fpa, Aa, Wog, Gg, Gg^Es, Re, Co, Aa^TcsZ, Aa^TcsZ, Aa, Aa, Aa
Aa, Aa, Aa^Fpa, Aa^Esa, Aa^TcsZ, Aa^Esa, Re^Es, Gg^Fp, Gg^Fp, Gg, Gg^Fp, Gg^TcnZ, Re, Aa, Wog^Bw/, Aa^Fpa, Wog, Wog, Wog, Aa^Fpa, Gg^Efm, Aa^Fpa, Aa^Esa, Aa^Fpa, Aa^Fpa, Rd, 4 Ko, Co, Gg^TcsZ, Aa, Aa^Fpa, Aa^Fpa
Aa^Fpa, Aa, Aa^Esa, Aa, Aa^TcsZ, Aa^Fpa, Aa, Rd, Re^Es, Re, Re^Es, Re^Es, Gg^Fp, Rd, Aa^Tvvs, Wog, Ai, Wog, Wog^Esa, Gg^Tvv, Gg^Fp, Aa, Aa, Aa^Fpa, Gg^Tvv, Co, Co, Wwg, Gg^Fp, Rb, Gg^Fp, Aa^Fpa
Aa^Fpa, Aa^Fpa, Aa, Aa^TcsZ, Aa^Fpa, Aa^Fpa, Aa, Aa, Aa, Aa, Gg, Gg^Fp, Gg, Gg^Fp, Gg, Aa, Gg^Fp, Wog, Gg^Fp, Gg, Gg^Fp, Aa, Gg, Gg^Es, Gg, Wog, Gg, Rb, Gg^Fp, Gg^Fp, Gg^Fp, Gg^Fp
