Ai, Ai, Ai, Ai, Ai, Aa, Aa^Fpa, Aa^Fpa, Aa, Ai, Ai, Ai, Ai, Wog, Ai, Wog, Wog, Wog, Wog, Wog, Wog, Wog, Ai, Ai, Ai, Ai, Ai, Wog, Wog, Ai, Ai, Ai
Aa^Fpa, Aa^Fpa, Ai, Ai, Aa, Aa, Aa, Aa^Fpa, Aa^Esa, Aa, Ai, Ai, Ai, Ai, Ai, Wog, Ai, Wog^Esa, Ai, Ai, Wog, Ai, Ai, Ai, Ai, Ai, Ai, Ai, Ai, Ai, Aa^Fpa, Ai
Aa^Fpa, Ai, Ai, Ai, Aa^Esa, Aa, Ww, Aa, Aa^Fpa, Ai, Ai, Ai, Aa, Aa^Tvvs, Ai, Ai, Wog, Wog, Ai, Ai, Ai, Ai, Wog, Ai, Aa^Tvvs, Aa^Fpa, Aa, Aa^Fpa, Ai, Ai, Aa^Fpa, Aa
Aa^Esa, Wog, Aa, Aa^Esa, Aa^Fpa, Aa, Aa, Aa^Fpa, Ai, Ai, Aa^Esa, Ai, Aa^Fpa, Aa, Ai, Ai^Esa, Ai, Ai, Ai, Ai, Aa^Fpa, Aa^Fpa, Ai^Esa, Ai^Esa, Aa, Aa, Aa^Fpa, Aa^Fpa, Aa, Aa^Esa, Rb, Ms
Aa^Fpa, Aa^Tvvs, Cea, Aa^Fpa, Aa^Fpa, Aa, Aa, Aa^Fpa, Ai^Esa, Ai, Aa, Aa^Esa, Aa, Aa, Aa, Aa, Ai, Ai, Ai, Aa, Aa, Aa, Ww, Aa, Aa^Esa, Aa, Aa, Aa^Esa, Aa, Aa, Aa, Ms
Aa^Fpa, Cea, 1 Kea, Cea, Rb, Rb, Rb, Aa, Aa^Fpa, Aa, Rb, Rb, Rb, Aa, Aa^Fpa, Ai, Ai, Ai, Aa^Fpa, Aa^Fpa, Aa, Aa, Wwf, Aa, Aa, Aa, Aa^Fpa, Aa, Aa^Fpa, Ww, Ha, Aa
Rb, Cea, Rb, Rb, Aa^Fpa, Aa^Fpa, Aa, Rb, Rb, Rb, Aa, Aa^Fpa, Rb, Aa^Fpa, Ai, Ai, Ai, Aa, Aa^TcsZ, Aa^Fpa, Wwf, Ww, Aa^Fpa, Aa^Fpa, Aa, Aa^Fpa, Aa^Esa, Aa, Ms, Ms, Ms, Aa^Fpa
Aa^Fpa, 2 Rb, Aa, Rb, Aa, Aa^Fpa, Aa, Aa^Fpa, Aa^Esa, Aa^TcnZ, Aa^TcnZ, Rb, Rb, Aa^Fpa, Rb, Aa^Fpa, Aa^Fpa, Aa^Tvvs, Aa^TcsZ, Aa^Fpa, Ww, Aa^Esa, Aa^Fpa, Aa, Aa^Fpa, Aa^Fpa, Aa, Aa^Fpa, Ms, Ms, Aa, Aa
Aa, Aa^Tvvs, Aa^Fpa, Rb, Aa^Fpa, Ww, Aa, Aa^Esa, Aa, Aa, Aa^TcnZ, Aa^Tvvs, Rb, Rb, Aa^Fpa, Rb, Rb, Aa^TcsZ, Ww, Ww, Aa^Fpa, Aa, Rb, Rb, Rb, Aa^Fpa, Aa, Aa^Fpa, Aa, Aa^Fpa, Aa, Ha
Aa^Fpa, Aa^Fpa, Aa, Rb, Rb, Rb, Aa^Fpa, Aa^Fpa, Ww, Aa^Tvvs, Aa^TcnZ, Aa^Fpa, Aa^Fpa, Aa^Fpa, Ww, Aa^Esa, Wwf, Ww^Bw\, Rb, Aa^Fpa, Aa, Rb, Aa^Fpa, Aa^Fpa, Rb, Rb, Ms, Ms, Aa, Aa^Esa, Aa^Tvvs, Ms
Gg, Aa^Fpa, Aa, Aa^Fpa, Aa, Rb, Ww^Bw\, Ww, Aa^Fpa, Wwf, Aa^Fpa, Aa^TcnZ, Aa^TcnZ, Wwf, Aa^Fpa, Ai, Aa^Tvvs, Aa^Fpa, Aa^TcnZ, Rb, Rb, Rb, Aa^Fpa, Aa^Fpa, Rb, Aa^Fpa, Ms, Ms, Rb, Rb, Rb, Ms
Aa^Fpa, Aa, Aa^Fpa, Aa^Fpa, Aa^Fpa, Aa^Esa, Ai, Aa^Fpa, Wwf, Ww, Ww, Aa^Fpa, Wwf, Ww, Rb, Aa^Fpa, Aa^TcnZ, Aa^TcnZ, Aa^Tvvs, Aa^Fpa, Aa, Aa, Gg, Cea, 3 Kea, Cea, Rb^Es, Aa^Fpa, Rb, Aa^Fpa, Aa^Fpa, Rb
Gg^Fp, Gg, Gg, Aa, Aa^Fpa, Ww, Aa^TcnZ, Aa^TcnZ, Rb, Aa^TcsZ, Aa^TcsZ, Ww, Ai, Wwf, Aa^Esa, Aa^Fpa, Aa^TcnZ, Aa^Fpa, Aa, Ww, Aa, Aa, Ms, Cea, Aa^Fpa, Cea, Aa^Tvvs, Rb, Aa, Aa, Ha, Aa
Gg^Fp, Gg^Fp, Aa^Fpa, Aa, Ww, Ww, Aa^TcnZ, Aa^Tvvs, Aa^Fpa, Aa^Fpa, Aa^TcsZ, Aa^Fpa, Ww, Ww, Aa, Aa^TcnZ, Aa^Fpa, Aa^Fpa, Aa^Fpa, Aa^Esa, Ha, Ha, Ms^Xm, Aa^Fpa, Ha, Gg, Aa, Aa^Esa, Ha, Ms, Ms, Ms
Aa, Aa^Fpa, Ms, Ww, Aa^TcnZ, Aa^TcnZ, Aa^Fpa, Aa, Aa^Fpa, Aa^Fpa, Aa^TcsZ, Aa^Fpa, Ww, Aa, Aa, Aa^TcnZ, Aa^Fpa, Aa^Fpa, Aa, Gg, Aa, Ms, Ms^Xm, Ms^Xm, Ms, Gg, Ms, Gg, Ms, Ms, Ms, Ms
